// Jest Snapshot v1, https://goo.gl/fbAQLP

exports[`<Button/> matches snapshot 1`] = `
<button
  className="btn btn--primary btn--medium"
>
  test
</button>
`;
